0 verbose cli /opt/homebrew/Cellar/node/22.9.0/bin/node /opt/homebrew/bin/npm
1 info using npm@11.5.2
2 info using node@v22.9.0
3 silly config load:file:/opt/homebrew/lib/node_modules/npm/npmrc
4 silly config load:file:/Users/techsupport/Documents/Github/Jeryssa/.npmrc
5 silly config load:file:/Users/techsupport/.npmrc
6 silly config load:file:/opt/homebrew/etc/npmrc
7 verbose title npm install
8 verbose argv "install"
9 verbose logfile logs-max:10 dir:/Users/techsupport/Documents/Github/Jeryssa/.npm-cache/_logs/2026-01-28T22_34_50_227Z-
10 verbose logfile /Users/techsupport/Documents/Github/Jeryssa/.npm-cache/_logs/2026-01-28T22_34_50_227Z-debug-0.log
11 silly logfile start cleaning logs, removing 1 files
12 silly packumentCache heap:4345298944 maxSize:1086324736 maxEntrySize:543162368
13 silly logfile done cleaning log files
14 silly idealTree buildDeps
15 silly fetch manifest react@17.0.2
16 silly packumentCache full:https://registry.npmjs.org/react cache-miss
17 http fetch GET 200 https://registry.npmjs.org/react 133ms (cache revalidated)
18 silly packumentCache full:https://registry.npmjs.org/react set size:6431012 disposed:false
19 silly fetch manifest react-dom@17.0.2
20 silly packumentCache full:https://registry.npmjs.org/react-dom cache-miss
21 http fetch GET 200 https://registry.npmjs.org/react-dom 113ms (cache miss)
22 silly packumentCache full:https://registry.npmjs.org/react-dom set size:undefined disposed:false
23 silly placeDep ROOT react@17.0.2 REPLACE for: jeryssa-ring-hero@0.0.0 want: 17.0.2
24 silly placeDep ROOT react-dom@17.0.2 REPLACE for: jeryssa-ring-hero@0.0.0 want: 17.0.2
25 silly fetch manifest object-assign@^4.1.1
26 silly packumentCache full:https://registry.npmjs.org/object-assign cache-miss
27 silly fetch manifest scheduler@^0.20.2
28 silly packumentCache full:https://registry.npmjs.org/scheduler cache-miss
29 silly fetch manifest object-assign@^4.1.1
30 silly packumentCache full:https://registry.npmjs.org/object-assign cache-miss
31 http fetch GET 200 https://registry.npmjs.org/object-assign 66ms (cache miss)
32 silly packumentCache full:https://registry.npmjs.org/object-assign set size:undefined disposed:false
33 http fetch GET 200 https://registry.npmjs.org/object-assign 80ms (cache miss)
34 silly packumentCache full:https://registry.npmjs.org/object-assign set size:undefined disposed:false
35 http fetch GET 200 https://registry.npmjs.org/scheduler 131ms (cache miss)
36 silly packumentCache full:https://registry.npmjs.org/scheduler set size:undefined disposed:false
37 silly placeDep ROOT object-assign@4.1.1 OK for: react@17.0.2 want: ^4.1.1
38 silly placeDep ROOT scheduler@0.20.2 OK for: react-dom@17.0.2 want: ^0.20.2
39 warn EBADENGINE Unsupported engine {
39 warn EBADENGINE   package: '@vitejs/plugin-react@5.1.2',
39 warn EBADENGINE   required: { node: '^20.19.0 || >=22.12.0' },
39 warn EBADENGINE   current: { node: 'v22.9.0', npm: '11.5.2' }
39 warn EBADENGINE }
40 silly reify mark retired [ '/Users/techsupport/Documents/Github/Jeryssa/node_modules/react' ]
41 silly reify mark retired [
41 silly reify   '/Users/techsupport/Documents/Github/Jeryssa/node_modules/react-dom'
41 silly reify ]
42 silly reify mark retired [
42 silly reify   '/Users/techsupport/Documents/Github/Jeryssa/node_modules/scheduler'
42 silly reify ]
43 silly reify moves {
43 silly reify   '/Users/techsupport/Documents/Github/Jeryssa/node_modules/react': '/Users/techsupport/Documents/Github/Jeryssa/node_modules/.react-9j6iEVYY',
43 silly reify   '/Users/techsupport/Documents/Github/Jeryssa/node_modules/react-dom': '/Users/techsupport/Documents/Github/Jeryssa/node_modules/.react-dom-NZbmhBk2',
43 silly reify   '/Users/techsupport/Documents/Github/Jeryssa/node_modules/scheduler': '/Users/techsupport/Documents/Github/Jeryssa/node_modules/.scheduler-O3poUIGb'
43 silly reify }
44 silly audit bulk request {
44 silly audit   '@babel/code-frame': [ '7.28.6' ],
44 silly audit   '@babel/compat-data': [ '7.28.6' ],
44 silly audit   '@babel/core': [ '7.28.6' ],
44 silly audit   '@babel/generator': [ '7.28.6' ],
44 silly audit   '@babel/helper-compilation-targets': [ '7.28.6' ],
44 silly audit   '@babel/helper-globals': [ '7.28.0' ],
44 silly audit   '@babel/helper-module-imports': [ '7.28.6' ],
44 silly audit   '@babel/helper-module-transforms': [ '7.28.6' ],
44 silly audit   '@babel/helper-plugin-utils': [ '7.28.6' ],
44 silly audit   '@babel/helper-string-parser': [ '7.27.1' ],
44 silly audit   '@babel/helper-validator-identifier': [ '7.28.5' ],
44 silly audit   '@babel/helper-validator-option': [ '7.27.1' ],
44 silly audit   '@babel/helpers': [ '7.28.6' ],
44 silly audit   '@babel/parser': [ '7.28.6' ],
44 silly audit   '@babel/plugin-transform-react-jsx-self': [ '7.27.1' ],
44 silly audit   '@babel/plugin-transform-react-jsx-source': [ '7.27.1' ],
44 silly audit   '@babel/template': [ '7.28.6' ],
44 silly audit   '@babel/traverse': [ '7.28.6' ],
44 silly audit   '@babel/types': [ '7.28.6' ],
44 silly audit   '@esbuild/aix-ppc64': [ '0.25.12' ],
44 silly audit   '@esbuild/android-arm': [ '0.25.12' ],
44 silly audit   '@esbuild/android-arm64': [ '0.25.12' ],
44 silly audit   '@esbuild/android-x64': [ '0.25.12' ],
44 silly audit   '@esbuild/darwin-arm64': [ '0.25.12' ],
44 silly audit   '@esbuild/darwin-x64': [ '0.25.12' ],
44 silly audit   '@esbuild/freebsd-arm64': [ '0.25.12' ],
44 silly audit   '@esbuild/freebsd-x64': [ '0.25.12' ],
44 silly audit   '@esbuild/linux-arm': [ '0.25.12' ],
44 silly audit   '@esbuild/linux-arm64': [ '0.25.12' ],
44 silly audit   '@esbuild/linux-ia32': [ '0.25.12' ],
44 silly audit   '@esbuild/linux-loong64': [ '0.25.12' ],
44 silly audit   '@esbuild/linux-mips64el': [ '0.25.12' ],
44 silly audit   '@esbuild/linux-ppc64': [ '0.25.12' ],
44 silly audit   '@esbuild/linux-riscv64': [ '0.25.12' ],
44 silly audit   '@esbuild/linux-s390x': [ '0.25.12' ],
44 silly audit   '@esbuild/linux-x64': [ '0.25.12' ],
44 silly audit   '@esbuild/netbsd-arm64': [ '0.25.12' ],
44 silly audit   '@esbuild/netbsd-x64': [ '0.25.12' ],
44 silly audit   '@esbuild/openbsd-arm64': [ '0.25.12' ],
44 silly audit   '@esbuild/openbsd-x64': [ '0.25.12' ],
44 silly audit   '@esbuild/openharmony-arm64': [ '0.25.12' ],
44 silly audit   '@esbuild/sunos-x64': [ '0.25.12' ],
44 silly audit   '@esbuild/win32-arm64': [ '0.25.12' ],
44 silly audit   '@esbuild/win32-ia32': [ '0.25.12' ],
44 silly audit   '@esbuild/win32-x64': [ '0.25.12' ],
44 silly audit   '@gsap/react': [ '2.1.2' ],
44 silly audit   '@jridgewell/gen-mapping': [ '0.3.13' ],
44 silly audit   '@jridgewell/remapping': [ '2.3.5' ],
44 silly audit   '@jridgewell/resolve-uri': [ '3.1.2' ],
44 silly audit   '@jridgewell/sourcemap-codec': [ '1.5.5' ],
44 silly audit   '@jridgewell/trace-mapping': [ '0.3.31' ],
44 silly audit   '@rolldown/pluginutils': [ '1.0.0-beta.53' ],
44 silly audit   '@rollup/rollup-android-arm-eabi': [ '4.57.0' ],
44 silly audit   '@rollup/rollup-android-arm64': [ '4.57.0' ],
44 silly audit   '@rollup/rollup-darwin-arm64': [ '4.57.0' ],
44 silly audit   '@rollup/rollup-darwin-x64': [ '4.57.0' ],
44 silly audit   '@rollup/rollup-freebsd-arm64': [ '4.57.0' ],
44 silly audit   '@rollup/rollup-freebsd-x64': [ '4.57.0' ],
44 silly audit   '@rollup/rollup-linux-arm-gnueabihf': [ '4.57.0' ],
44 silly audit   '@rollup/rollup-linux-arm-musleabihf': [ '4.57.0' ],
44 silly audit   '@rollup/rollup-linux-arm64-gnu': [ '4.57.0' ],
44 silly audit   '@rollup/rollup-linux-arm64-musl': [ '4.57.0' ],
44 silly audit   '@rollup/rollup-linux-loong64-gnu': [ '4.57.0' ],
44 silly audit   '@rollup/rollup-linux-loong64-musl': [ '4.57.0' ],
44 silly audit   '@rollup/rollup-linux-ppc64-gnu': [ '4.57.0' ],
44 silly audit   '@rollup/rollup-linux-ppc64-musl': [ '4.57.0' ],
44 silly audit   '@rollup/rollup-linux-riscv64-gnu': [ '4.57.0' ],
44 silly audit   '@rollup/rollup-linux-riscv64-musl': [ '4.57.0' ],
44 silly audit   '@rollup/rollup-linux-s390x-gnu': [ '4.57.0' ],
44 silly audit   '@rollup/rollup-linux-x64-gnu': [ '4.57.0' ],
44 silly audit   '@rollup/rollup-linux-x64-musl': [ '4.57.0' ],
44 silly audit   '@rollup/rollup-openbsd-x64': [ '4.57.0' ],
44 silly audit   '@rollup/rollup-openharmony-arm64': [ '4.57.0' ],
44 silly audit   '@rollup/rollup-win32-arm64-msvc': [ '4.57.0' ],
44 silly audit   '@rollup/rollup-win32-ia32-msvc': [ '4.57.0' ],
44 silly audit   '@rollup/rollup-win32-x64-gnu': [ '4.57.0' ],
44 silly audit   '@rollup/rollup-win32-x64-msvc': [ '4.57.0' ],
44 silly audit   '@types/babel__core': [ '7.20.5' ],
44 silly audit   '@types/babel__generator': [ '7.27.0' ],
44 silly audit   '@types/babel__template': [ '7.4.4' ],
44 silly audit   '@types/babel__traverse': [ '7.28.0' ],
44 silly audit   '@types/estree': [ '1.0.8' ],
44 silly audit   '@vitejs/plugin-react': [ '5.1.2' ],
44 silly audit   'baseline-browser-mapping': [ '2.9.19' ],
44 silly audit   browserslist: [ '4.28.1' ],
44 silly audit   'caniuse-lite': [ '1.0.30001766' ],
44 silly audit   'convert-source-map': [ '2.0.0' ],
44 silly audit   debug: [ '4.4.3' ],
44 silly audit   'electron-to-chromium': [ '1.5.279' ],
44 silly audit   esbuild: [ '0.25.12' ],
44 silly audit   escalade: [ '3.2.0' ],
44 silly audit   fdir: [ '6.5.0' ],
44 silly audit   fsevents: [ '2.3.3' ],
44 silly audit   gensync: [ '1.0.0-beta.2' ],
44 silly audit   gsap: [ '3.14.2' ],
44 silly audit   'js-tokens': [ '4.0.0' ],
44 silly audit   jsesc: [ '3.1.0' ],
44 silly audit   json5: [ '2.2.3' ],
44 silly audit   'loose-envify': [ '1.4.0' ],
44 silly audit   'lru-cache': [ '5.1.1' ],
44 silly audit   ms: [ '2.1.3' ],
44 silly audit   nanoid: [ '3.3.11' ],
44 silly audit   'node-releases': [ '2.0.27' ],
44 silly audit   picocolors: [ '1.1.1' ],
44 silly audit   picomatch: [ '4.0.3' ],
44 silly audit   postcss: [ '8.5.6' ],
44 silly audit   'react-refresh': [ '0.18.0' ],
44 silly audit   rollup: [ '4.57.0' ],
44 silly audit   semver: [ '6.3.1' ],
44 silly audit   'source-map-js': [ '1.2.1' ],
44 silly audit   tinyglobby: [ '0.2.15' ],
44 silly audit   'update-browserslist-db': [ '1.2.3' ],
44 silly audit   vite: [ '6.4.1' ],
44 silly audit   yallist: [ '3.1.1' ],
44 silly audit   react: [ '17.0.2' ],
44 silly audit   'react-dom': [ '17.0.2' ],
44 silly audit   'object-assign': [ '4.1.1' ],
44 silly audit   scheduler: [ '0.20.2' ]
44 silly audit }
45 http cache object-assign@https://registry.npmjs.org/object-assign/-/object-assign-4.1.1.tgz 0ms (cache hit)
46 http cache scheduler@https://registry.npmjs.org/scheduler/-/scheduler-0.20.2.tgz 0ms (cache hit)
47 http cache react@https://registry.npmjs.org/react/-/react-17.0.2.tgz 0ms (cache hit)
48 silly tarball no local data for object-assign@https://registry.npmjs.org/object-assign/-/object-assign-4.1.1.tgz. Extracting by manifest.
49 http cache react-dom@https://registry.npmjs.org/react-dom/-/react-dom-17.0.2.tgz 0ms (cache hit)
50 silly tarball no local data for scheduler@https://registry.npmjs.org/scheduler/-/scheduler-0.20.2.tgz. Extracting by manifest.
51 silly tarball no local data for react@https://registry.npmjs.org/react/-/react-17.0.2.tgz. Extracting by manifest.
52 silly tarball no local data for react-dom@https://registry.npmjs.org/react-dom/-/react-dom-17.0.2.tgz. Extracting by manifest.
53 http fetch GET 200 https://registry.npmjs.org/object-assign/-/object-assign-4.1.1.tgz 53ms (cache miss)
54 http fetch POST 200 https://registry.npmjs.org/-/npm/v1/security/advisories/bulk 59ms
55 silly audit report {}
56 http fetch GET 200 https://registry.npmjs.org/scheduler/-/scheduler-0.20.2.tgz 58ms (cache miss)
57 http fetch GET 200 https://registry.npmjs.org/react/-/react-17.0.2.tgz 88ms (cache miss)
58 http fetch GET 200 https://registry.npmjs.org/react-dom/-/react-dom-17.0.2.tgz 122ms (cache miss)
59 silly ADD node_modules/object-assign
60 silly CHANGE node_modules/scheduler
61 silly CHANGE node_modules/react-dom
62 silly CHANGE node_modules/react
63 verbose cwd /Users/techsupport/Documents/Github/Jeryssa
64 verbose os Darwin 25.2.0
65 verbose node v22.9.0
66 verbose npm  v11.5.2
67 verbose exit 0
68 info ok
